// Jest Snapshot v1, https://goo.gl/fbAQLP

exports[`snapshot 1`] = `
<div>
  <h1
    class="fancy-h1"
    data-testid="h1tag"
  >
    Hello React
  </h1>
</div>
`;
